// Jest Snapshot v1, https://goo.gl/fbAQLP

exports[`(Component) CurrentAlarm render normally if currentAlarmList did not exsit 1`] = `
<div
  className="CurrentAlarm-container"
/>
`;

exports[`(Component) CurrentAlarm render normally if currentAlarmList exsited 1`] = `
<div
  className="CurrentAlarm-container"
>
  <UniverseTable
    data={
      Array [
        "id",
      ]
    }
    default={0}
    field={
      Object {
        "undefined": "updateTime",
      }
    }
    handleClick={[Function]}
  />
  <div
    className="pt-card pt-elevation-2 detail"
  >
    <div
      className="header"
    >
      <div>
        告警详情
      </div>
    </div>
    <div
      className="content"
    >
      <div
        className="left"
      >
        <div
          className="textField"
        >
          <div
            className="key"
          />
          <div
            className="value"
          />
        </div>
        <div
          className="textField"
        >
          <div
            className="key"
          />
          <div
            className="value"
          />
        </div>
        <div
          className="textField"
        >
          <div
            className="key"
          />
          <div
            className="value"
          />
        </div>
        <div
          className="textField"
        >
          <div
            className="key"
          />
          <div
            className="value"
          />
        </div>
        <div
          className="textField"
        >
          <div
            className="key"
          />
          <div
            className="value"
          />
        </div>
      </div>
      <div
        className="center"
      >
        <div
          className="textField"
        >
          <div
            className="key"
          />
          <div
            className="value"
          />
        </div>
        <div
          className="textField"
        >
          <div
            className="key"
          />
          <div
            className="value"
          >
            固定时间30分钟内Defect数量[defectSize &gt; L]
          </div>
        </div>
        <div
          className="textField"
        >
          <div
            className="key"
          />
          <div
            className="value"
          />
        </div>
        <div
          className="textField"
        >
          <div
            className="key"
          />
          <div
            className="value"
          />
        </div>
        <div
          className="textField"
        >
          <div
            className="key"
          />
          <div
            className="value"
          />
        </div>
        <div
          className="textField"
        >
          <div
            className="key"
          />
          <div
            className="value"
          >
            undefined - undefined
          </div>
        </div>
        <div
          className="textField"
        >
          <div
            className="key"
          >
            摘要
          </div>
          <div
            className="value"
          >
            *
          </div>
        </div>
      </div>
      <div
        className="right"
      >
        <div
          className="textField"
        >
          <div
            className="key"
          >
            更新者工号
          </div>
          <div
            className="value"
          />
        </div>
        <div
          className="textField"
        >
          <div
            className="key"
          />
          <div
            className="value"
          />
        </div>
        <div
          className="textField"
        >
          <div
            className="key"
          />
          <div
            className="value"
          />
        </div>
      </div>
    </div>
  </div>
</div>
`;
