// Jest Snapshot v1, https://goo.gl/fbAQLP

exports[`(Component) EchartsDefectCode render normally if top5 is exist 1`] = `
<div
  className="DefectRate-container"
>
  <div
    style={
      Object {
        "color": "#337ab7",
        "fontSize": "16px",
        "fontWeight": "bold",
      }
    }
  >
    暂无此天的数据
  </div>
</div>
`;

exports[`(Component) EchartsDefectCode render normally if top5 is not exist 1`] = `
<div
  className="EchartsDefectCode-container"
>
  <ECharts
    config={Object {}}
    id="chart"
    lazyUpdate={false}
    notMerge={false}
    option={
      Object {
        "series": Array [
          Object {
            "barCategoryGap": "60%",
            "data": Array [
              54552,
              NaN,
            ],
            "name": "Count",
            "type": "bar",
          },
          Object {
            "data": Array [
              0.54235,
              NaN,
              NaN,
              NaN,
              NaN,
              1,
            ],
            "name": "Ratio",
            "type": "line",
            "yAxisIndex": 1,
          },
        ],
        "title": Object {
          "text": "Top 5 Defects Pareto Chart",
          "textStyle": Object {
            "color": "#337ab7",
          },
        },
        "tooltip": Object {
          "trigger": "axis",
        },
        "xAxis": Array [
          Object {
            "data": Array [
              234,
              "OTHERS",
            ],
            "type": "category",
          },
        ],
        "yAxis": Array [
          Object {
            "axisLabel": Object {
              "formatter": "{value}",
            },
            "type": "value",
          },
          Object {
            "axisLabel": Object {
              "formatter": "{value} %",
            },
            "type": "value",
          },
        ],
      }
    }
    style={
      Object {
        "height": "500px",
      }
    }
  />
  <UniverseTable
    field={
      Object {
        "undefined": "glassStartTime",
      }
    }
    setDataSource={[Function]}
  />
</div>
`;
