// Jest Snapshot v1, https://goo.gl/fbAQLP

exports[`(Component) EditDialog render normally 1`] = `
<div
  className="ModelList-container"
>
  <Dialog
    className="dialog"
    isOpen={false}
  >
    <div
      className="header"
    >
      <h6
        className="headerTitle"
      >
        Edit
      </h6>
    </div>
    <div
      className="dialogBody"
    >
      <br />
      <section
        style={
          Object {
            "margin": "0 auto",
            "marginLeft": "10%",
            "width": "50%",
          }
        }
      >
        <label
          className="pt-label pt-inline filter"
        >
          <div
            className="pt-select"
          >
            <select
              className="select"
              onChange={[Function]}
            >
              <option
                selected={false}
                value="SV509-CF"
              >
                SV509-CF
              </option>
              <option
                selected={false}
                value="JV508-CG"
              >
                JV508-CG
              </option>
              <option
                selected={false}
                value="GV507-DF"
              >
                GV507-DF
              </option>
              <option
                selected={false}
                value="NV506-HF"
              >
                NV506-HF
              </option>
              <option
                selected={false}
                value="8V505-BF"
              >
                8V505-BF
              </option>
            </select>
          </div>
        </label>
        <label
          className="pt-label pt-inline filter"
        >
          <div
            className="pt-select"
          >
            <select
              className="select"
              onChange={[Function]}
            >
              <option
                selected={false}
                value="2100"
              >
                2100
              </option>
              <option
                selected={false}
                value="3100"
              >
                3100
              </option>
              <option
                selected={false}
                value="4100"
              >
                4100
              </option>
              <option
                selected={false}
                value="5100"
              >
                5100
              </option>
            </select>
          </div>
        </label>
        <label
          className="pt-label pt-inline filter"
        >
          <div
            className="pt-select"
          >
            <select
              className="select"
              onChange={[Function]}
            >
              <option
                selected={false}
                value="PIPR01"
              >
                PIPR01
              </option>
              <option
                selected={false}
                value="KIHR02"
              >
                KIHR02
              </option>
              <option
                selected={false}
                value="YIHR10"
              >
                YIHR10
              </option>
              <option
                selected={false}
                value="LIPK90"
              >
                LIPK90
              </option>
            </select>
          </div>
        </label>
        <label
          className="pt-label pt-inline filter"
        >
          <div
            className="pt-select"
          >
            <select
              className="select"
              onChange={[Function]}
            >
              <option
                selected={false}
                value="PIN01"
              >
                PIN01
              </option>
              <option
                selected={false}
                value="PIN02"
              >
                PIN02
              </option>
              <option
                selected={false}
                value="PIN03"
              >
                PIN03
              </option>
              <option
                selected={false}
                value="PIN04"
              >
                PIN04
              </option>
            </select>
          </div>
        </label>
      </section>
      <div
        className="btnGroup"
      >
        <Blueprint.Button
          className="btnCancel"
        />
        <Blueprint.Button
          className="pt-button pt-intent-primary btnEdit"
          onClick={[Function]}
        >
          Save
        </Blueprint.Button>
      </div>
    </div>
  </Dialog>
</div>
`;
