// Jest Snapshot v1, https://goo.gl/fbAQLP

exports[`(Component) ActionCellRender render normally 1`] = `
<div>
  <section>
    <Blueprint.Button
      className="pt-button pt-minimal pt-icon-trash"
      onClick={[Function]}
      title="Delete"
    />
    <Blueprint.Button
      className="pt-button pt-minimal pt-icon-confirm"
      onClick={[Function]}
      title="Save"
    />
  </section>
</div>
`;

exports[`(Component) DeleteDialog render normally 1`] = `
<div
  className="Dialog-container"
>
  <Dialog
    className="dialog"
    isOpen={false}
  >
    <div
      className="header"
    >
      <h6
        className="headerTitle"
      >
        提示
      </h6>
    </div>
    <div
      className="dialogBody"
    >
      <br />
      <p
        className="cn"
      >
        是否删除id为undefined的这条数据?
      </p>
      <div
        className="btnGroup"
      >
        <Blueprint.Button
          className="btnCancel"
        />
        <Blueprint.Button
          className="pt-button pt-intent-primary btnEdit"
          onClick={[Function]}
        />
      </div>
    </div>
  </Dialog>
</div>
`;

exports[`(Component) LabelingToolDefectCodeList render normally 1`] = `
<div
  className="LabelingToolDefectCodeList-container ag-fresh"
>
  <Component
    columnDefs={
      Array [
        Object {
          "cellClass": "cn",
          "field": "id",
          "headerName": "No",
          "suppressMovable": true,
          "width": 60,
        },
        Object {
          "cellClass": "cn",
          "field": "name",
          "headerName": "Defect Code",
          "suppressMovable": true,
          "suppressSorting": true,
        },
        Object {
          "cellClass": "cn",
          "field": "imageId",
          "headerName": "Image Id",
          "suppressMovable": true,
          "width": 90,
        },
        Object {
          "cellRendererFramework": [Function],
          "headerName": "Action",
          "suppressMovable": true,
          "suppressSorting": true,
          "width": 90,
        },
      ]
    }
    onRowClicked={[Function]}
    rowHeight={30}
    rowSelection="single"
  />
</div>
`;
