// Jest Snapshot v1, https://goo.gl/fbAQLP

exports[`(Component) ModelTestFilter render normally 1`] = `
<div
  className="ModelTestFilter-container"
>
  <DatePicker2 />
  <AvailableFilters
    lineID=""
    operation=""
    order="asc"
    pageNo={1}
    pageSize={1}
    product=""
    reliabilitys={
      Array [
        0,
        100,
      ]
    }
    sortBy="id"
    subEntity=""
    that={
      ModelTestFilter {
        "_reactInternalInstance": ShallowComponentWrapper {
          "_calledComponentWillUnmount": false,
          "_compositeType": 0,
          "_context": Object {},
          "_currentElement": <ModelTestFilter />,
          "_debugID": 1,
          "_hostContainerInfo": null,
          "_hostParent": null,
          "_instance": [Circular],
          "_mountOrder": 1,
          "_pendingCallbacks": null,
          "_pendingElement": null,
          "_pendingForceUpdate": false,
          "_pendingReplaceState": false,
          "_pendingStateQueue": null,
          "_renderedComponent": NoopInternalComponent {
            "_currentElement": <div
              className="ModelTestFilter-container"
      >
              <DatePicker2 />
              <AvailableFilters
                      lineID=""
                      operation=""
                      order="asc"
                      pageNo={1}
                      pageSize={1}
                      product=""
                      reliabilitys={
                              Array [
                                      0,
                                      100,
                                    ]
                      }
                      sortBy="id"
                      subEntity=""
                      that={[Circular]}
              />
              <label
                      className="pt-label pt-inline filter"
              >
                      <span
                              className="reliability"
                      />
                      <div
                              className="reliabilitys"
                      >
                              <RangeSlider
                                      disabled={false}
                                      labelStepSize={20}
                                      max={100}
                                      min={0}
                                      onChange={[Function]}
                                      showTrackFill={true}
                                      stepSize={1}
                                      value={
                                              Array [
                                                      0,
                                                      100,
                                                    ]
                                      }
                              />
                      </div>
              </label>
              <Blueprint.Button
                      className="btn-submit"
                      onClick={[Function]}
              >
                      查询
              </Blueprint.Button>
      </div>,
            "_debugID": 2,
            "_renderedOutput": <div
              className="ModelTestFilter-container"
      >
              <DatePicker2 />
              <AvailableFilters
                      lineID=""
                      operation=""
                      order="asc"
                      pageNo={1}
                      pageSize={1}
                      product=""
                      reliabilitys={
                              Array [
                                      0,
                                      100,
                                    ]
                      }
                      sortBy="id"
                      subEntity=""
                      that={[Circular]}
              />
              <label
                      className="pt-label pt-inline filter"
              >
                      <span
                              className="reliability"
                      />
                      <div
                              className="reliabilitys"
                      >
                              <RangeSlider
                                      disabled={false}
                                      labelStepSize={20}
                                      max={100}
                                      min={0}
                                      onChange={[Function]}
                                      showTrackFill={true}
                                      stepSize={1}
                                      value={
                                              Array [
                                                      0,
                                                      100,
                                                    ]
                                      }
                              />
                      </div>
              </label>
              <Blueprint.Button
                      className="btn-submit"
                      onClick={[Function]}
              >
                      查询
              </Blueprint.Button>
      </div>,
          },
          "_renderedNodeType": 0,
          "_rootNodeID": 0,
          "_topLevelWrapper": null,
          "_updateBatchNumber": null,
          "_warnedAboutRefsInRender": false,
        },
        "context": Object {},
        "filterData": [Function],
        "handleChange": [Function],
        "handleChangeStartReliability": [Function],
        "handleClick": [Function],
        "props": Object {},
        "refs": Object {},
        "state": Object {
          "lineID": "",
          "operation": "",
          "order": "asc",
          "pageNo": 1,
          "pageSize": 1,
          "product": "",
          "reliabilitys": Array [
            0,
            100,
          ],
          "sortBy": "id",
          "subEntity": "",
        },
        "updater": Object {
          "enqueueCallback": [Function],
          "enqueueCallbackInternal": [Function],
          "enqueueElementInternal": [Function],
          "enqueueForceUpdate": [Function],
          "enqueueReplaceState": [Function],
          "enqueueSetState": [Function],
          "isMounted": [Function],
          "validateCallback": [Function],
        },
      }
    }
  />
  <label
    className="pt-label pt-inline filter"
  >
    <span
      className="reliability"
    />
    <div
      className="reliabilitys"
    >
      <RangeSlider
        disabled={false}
        labelStepSize={20}
        max={100}
        min={0}
        onChange={[Function]}
        showTrackFill={true}
        stepSize={1}
        value={
          Array [
            0,
            100,
          ]
        }
      />
    </div>
  </label>
  <Blueprint.Button
    className="btn-submit"
    onClick={[Function]}
  >
    查询
  </Blueprint.Button>
</div>
`;
