// Jest Snapshot v1, https://goo.gl/fbAQLP

exports[`(Component) ModelOption render normally 1`] = `
<div
  className="ModelOption-container"
>
  <section
    className="header"
  >
    <span
      className="pt-icon-standard pt-icon-search"
    />
     查询条件
  </section>
  <section>
    <label
      className="pt-label pt-inline filter"
    >
      产品
      <div
        className="pt-select"
      >
        <select
          className="select"
          onChange={[Function]}
        >
          <option
            value=""
          >
            请选择
          </option>
          <option
            value="SV509-CF"
          >
            SV509-CF
          </option>
          <option
            value="JV508-CG"
          >
            JV508-CG
          </option>
          <option
            value="GV507-DF"
          >
            GV507-DF
          </option>
          <option
            value="NV506-HF"
          >
            NV506-HF
          </option>
          <option
            value="8V505-BF"
          >
            8V505-BF
          </option>
        </select>
      </div>
    </label>
    <label
      className="pt-label pt-inline filter"
    >
      站点
      <div
        className="pt-select"
      >
        <select
          className="select"
          onChange={[Function]}
        >
          <option
            value=""
          >
            请选择
          </option>
          <option
            value="2100"
          >
            2100
          </option>
          <option
            value="3100"
          >
            3100
          </option>
          <option
            value="4100"
          >
            4100
          </option>
          <option
            value="5100"
          >
            5100
          </option>
        </select>
      </div>
    </label>
    <label
      className="pt-label pt-inline filter"
    >
      线别
      <div
        className="pt-select"
      >
        <select
          className="select"
          onChange={[Function]}
        >
          <option
            value=""
          >
            请选择
          </option>
          <option
            value="PIPR01"
          >
            PIPR01
          </option>
          <option
            value="KIHR02"
          >
            KIHR02
          </option>
          <option
            value="YIHR10"
          >
            YIHR10
          </option>
          <option
            value="LIPK90"
          >
            LIPK90
          </option>
        </select>
      </div>
    </label>
    <label
      className="pt-label pt-inline filter"
    >
      机台
      <div
        className="pt-select"
      >
        <select
          className="select"
          onChange={[Function]}
        >
          <option
            value=""
          >
            请选择
          </option>
          <option
            value="PIN01"
          >
            PIN01
          </option>
          <option
            value="PIN02"
          >
            PIN02
          </option>
          <option
            value="PIN03"
          >
            PIN03
          </option>
          <option
            value="PIN04"
          >
            PIN04
          </option>
        </select>
      </div>
    </label>
  </section>
</div>
`;
